Archive member included to satisfy reference by file (symbol)

../../../capi324v22x-v2.06.000R\libcapi324v22x.a(ADC_open.o)
                              convenience.o (ADC_open)
../../../capi324v22x-v2.06.000R\libcapi324v22x.a(ADC_sample.o)
                              pr_behaviors.o (ADC_sample)
../../../capi324v22x-v2.06.000R\libcapi324v22x.a(ADC_set_VREF.o)
                              convenience.o (ADC_set_VREF)
../../../capi324v22x-v2.06.000R\libcapi324v22x.a(ADC_set_channel.o)
                              pr_behaviors.o (ADC_set_channel)
../../../capi324v22x-v2.06.000R\libcapi324v22x.a(__ADC_init.o)
                              ../../../capi324v22x-v2.06.000R\libcapi324v22x.a(ADC_open.o) (__ADC_init)
../../../capi324v22x-v2.06.000R\libcapi324v22x.a(CBOT_main.o)
                              C:/Program Files (x86)/Atmel/Studio/7.0/Packs/atmel/ATmega_DFP/1.2.132/gcc/dev/atmega324p/avr5/crtatmega324p.o (main)
../../../capi324v22x-v2.06.000R\libcapi324v22x.a(LCD_clear.o)
                              convenience.o (LCD_clear)
../../../capi324v22x-v2.06.000R\libcapi324v22x.a(LCD_open.o)
                              convenience.o (LCD_open)
../../../capi324v22x-v2.06.000R\libcapi324v22x.a(LCD_set_PGC_addr.o)
                              ../../../capi324v22x-v2.06.000R\libcapi324v22x.a(LCD_clear.o) (LCD_set_PGC_addr)
../../../capi324v22x-v2.06.000R\libcapi324v22x.a(LCD_set_RC.o)
                              pr_behaviors.o (LCD_set_RC)
../../../capi324v22x-v2.06.000R\libcapi324v22x.a(LCD_set_backlight.o)
                              ../../../capi324v22x-v2.06.000R\libcapi324v22x.a(LCD_open.o) (LCD_set_backlight)
../../../capi324v22x-v2.06.000R\libcapi324v22x.a(LCD_set_next_PGC.o)
                              ../../../capi324v22x-v2.06.000R\libcapi324v22x.a(LCD_clear.o) (LCD_set_next_PGC)
../../../capi324v22x-v2.06.000R\libcapi324v22x.a(LCD_write.o)
                              ../../../capi324v22x-v2.06.000R\libcapi324v22x.a(LCD_clear.o) (LCD_write)
../../../capi324v22x-v2.06.000R\libcapi324v22x.a(__LCD_init.o)
                              ../../../capi324v22x-v2.06.000R\libcapi324v22x.a(LCD_open.o) (__LCD_init)
../../../capi324v22x-v2.06.000R\libcapi324v22x.a(LED_open.o)
                              convenience.o (LED_open)
../../../capi324v22x-v2.06.000R\libcapi324v22x.a(LED_tog_pattern.o)
                              ir_behaviors.o (LED_tog_pattern)
../../../capi324v22x-v2.06.000R\libcapi324v22x.a(__LED_init.o)
                              ../../../capi324v22x-v2.06.000R\libcapi324v22x.a(LED_open.o) (__LED_init)
../../../capi324v22x-v2.06.000R\libcapi324v22x.a(__LED_tog_pattern.o)
                              ../../../capi324v22x-v2.06.000R\libcapi324v22x.a(LED_tog_pattern.o) (__LED_tog_pattern)
../../../capi324v22x-v2.06.000R\libcapi324v22x.a(SPI_open.o)
                              ../../../capi324v22x-v2.06.000R\libcapi324v22x.a(LCD_open.o) (SPI_open)
../../../capi324v22x-v2.06.000R\libcapi324v22x.a(SPI_set_config_func.o)
                              ../../../capi324v22x-v2.06.000R\libcapi324v22x.a(SPI_open.o) (SPI_set_config_func)
../../../capi324v22x-v2.06.000R\libcapi324v22x.a(SPI_set_slave_addr.o)
                              ../../../capi324v22x-v2.06.000R\libcapi324v22x.a(LCD_set_backlight.o) (SPI_set_slave_addr)
../../../capi324v22x-v2.06.000R\libcapi324v22x.a(SPI_transmit.o)
                              ../../../capi324v22x-v2.06.000R\libcapi324v22x.a(LCD_set_backlight.o) (SPI_transmit)
../../../capi324v22x-v2.06.000R\libcapi324v22x.a(__SPI_init.o)
                              ../../../capi324v22x-v2.06.000R\libcapi324v22x.a(SPI_open.o) (__SPI_init)
../../../capi324v22x-v2.06.000R\libcapi324v22x.a(STEPPER_move.o)
                              ir_behaviors.o (STEPPER_move)
../../../capi324v22x-v2.06.000R\libcapi324v22x.a(STEPPER_open.o)
                              convenience.o (STEPPER_open)
../../../capi324v22x-v2.06.000R\libcapi324v22x.a(STEPPER_run.o)
                              ../../../capi324v22x-v2.06.000R\libcapi324v22x.a(STEPPER_move.o) (STEPPER_run)
../../../capi324v22x-v2.06.000R\libcapi324v22x.a(STEPPER_run2.o)
                              ../../../capi324v22x-v2.06.000R\libcapi324v22x.a(STEPPER_move.o) (STEPPER_run2)
../../../capi324v22x-v2.06.000R\libcapi324v22x.a(STEPPER_runn.o)
                              convenience.o (STEPPER_runn)
../../../capi324v22x-v2.06.000R\libcapi324v22x.a(STEPPER_set_accel.o)
                              ../../../capi324v22x-v2.06.000R\libcapi324v22x.a(STEPPER_move.o) (STEPPER_set_accel)
../../../capi324v22x-v2.06.000R\libcapi324v22x.a(STEPPER_set_accel2.o)
                              convenience.o (STEPPER_set_accel2)
../../../capi324v22x-v2.06.000R\libcapi324v22x.a(STEPPER_set_dir.o)
                              ../../../capi324v22x-v2.06.000R\libcapi324v22x.a(STEPPER_run.o) (STEPPER_set_dir)
../../../capi324v22x-v2.06.000R\libcapi324v22x.a(STEPPER_set_dir2.o)
[...]
Memory Configuration

Name             Origin             Length             Attributes
text             0x00000000         0x00020000         xr
data             0x00800060         0x0000ffa0         rw !x
eeprom           0x00810000         0x00010000         rw !x
fuse             0x00820000         0x00000003         rw !x
lock             0x00830000         0x00000400         rw !x
signature        0x00840000         0x00000400         rw !x
user_signatures  0x00850000         0x00000400         rw !x
*default*        0x00000000         0xffffffff

Linker script and memory map

Address of section .data set to 0x800100
LOAD C:/Program Files (x86)/Atmel/Studio/7.0/Packs/atmel/ATmega_DFP/1.2.132/gcc/dev/atmega324p/avr5/crtatmega324p.o
LOAD convenience.o
LOAD explore.o
LOAD ir_behaviors.o
LOAD main.o
LOAD pr_behaviors.o
START GROUP
LOAD ../../../capi324v22x-v2.06.000R\libcapi324v22x.a
LOAD c:/program files (x86)/atmel/studio/7.0/toolchain/avr8/avr8-gnu-toolchain/bin/../lib/gcc/avr/5.4.0/../../../../avr/lib/avr5\libprintf_flt.a
LOAD c:/program files (x86)/atmel/studio/7.0/toolchain/avr8/avr8-gnu-toolchain/bin/../lib/gcc/avr/5.4.0/../../../../avr/lib/avr5\libm.a
END GROUP
START GROUP
LOAD c:/program files (x86)/atmel/studio/7.0/toolchain/avr8/avr8-gnu-toolchain/bin/../lib/gcc/avr/5.4.0/avr5\libgcc.a
LOAD c:/program files (x86)/atmel/studio/7.0/toolchain/avr8/avr8-gnu-toolchain/bin/../lib/gcc/avr/5.4.0/../../../../avr/lib/avr5\libm.a
LOAD c:/program files (x86)/atmel/studio/7.0/toolchain/avr8/avr8-gnu-toolchain/bin/../lib/gcc/avr/5.4.0/../../../../avr/lib/avr5\libc.a
LOAD C:/Program Files (x86)/Atmel/Studio/7.0/Packs/atmel/ATmega_DFP/1.2.132/gcc/dev/atmega324p/avr5\libatmega324p.a
END GROUP
                0x00020000                __TEXT_REGION_LENGTH__ = DEFINED (__TEXT_REGION_LENGTH__)?__TEXT_REGION_LENGTH__:0x20000
                0x0000ffa0                __DATA_REGION_LENGTH__ = DEFINED (__DATA_REGION_LENGTH__)?__DATA_REGION_LENGTH__:0xffa0
                0x00010000                __EEPROM_REGION_LENGTH__ = DEFINED (__EEPROM_REGION_LENGTH__)?__EEPROM_REGION_LENGTH__:0x10000
                [0x00000003]                __FUSE_REGION_LENGTH__ = DEFINED (__FUSE_REGION_LENGTH__)?__FUSE_REGION_LENGTH__:0x400
                0x00000400                __LOCK_REGION_LENGTH__ = DEFINED (__LOCK_REGION_LENGTH__)?__LOCK_REGION_LENGTH__:0x400
                0x00000400                __SIGNATURE_REGION_LENGTH__ = DEFINED (__SIGNATURE_REGION_LENGTH__)?__SIGNATURE_REGION_LENGTH__:0x400
                0x00000400                __USER_SIGNATURE_REGION_LENGTH__ = DEFINED (__USER_SIGNATURE_REGION_LENGTH__)?__USER_SIGNATURE_REGION_LENGTH__:0x400

.hash
 *(.hash)

.dynsym
 *(.dynsym)

.dynstr
 *(.dynstr)

.gnu.version
 *(.gnu.version)

.gnu.version_d
 *(.gnu.version_d)

.gnu.version_r
 *(.gnu.version_r)

.rel.init
 *(.rel.init)

.rela.init
 *(.rela.init)

.rel.text
 *(.rel.text)
 *(.rel.text.*)
 *(.rel.gnu.linkonce.t*)

.rela.text
 *(.rela.text)
 *(.rela.text.*)
 *(.rela.gnu.linkonce.t*)

.rel.fini
 *(.rel.fini)

.rela.fini
 *(.rela.fini)

.rel.rodata
 *(.rel.rodata)
 *(.rel.rodata.*)
 *(.rel.gnu.linkonce.r*)

.rela.rodata
 *(.rela.rodata)
 *(.rela.rodata.*)
 *(.rela.gnu.linkonce.r*)

.rel.data
 *(.rel.data)
 *(.rel.data.*)
 *(.rel.gnu.linkonce.d*)

.rela.data
 *(.rela.data)
 *(.rela.data.*)
 *(.rela.gnu.linkonce.d*)

.rel.ctors
 *(.rel.ctors)

.rela.ctors
 *(.rela.ctors)

.rel.dtors
 *(.rel.dtors)

.rela.dtors
 *(.rela.dtors)

.rel.got
 *(.rel.got)

.rela.got
 *(.rela.got)

.rel.bss
 *(.rel.bss)

.rela.bss
 *(.rela.bss)

.rel.plt
 *(.rel.plt)

.rela.plt
 *(.rela.plt)

.text           0x00000000     0x4c40
 *(.vectors)
 .vectors       0x00000000       0x7c C:/Program Files (x86)/Atmel/Studio/7.0/Packs/atmel/ATmega_DFP/1.2.132/gcc/dev/atmega324p/avr5/crtatmega324p.o
                0x00000000                __vector_default
                0x00000000                __vectors
 *(.vectors)
 *(.progmem.gcc*)
 .progmem.gcc_fplib
                0x0000007c       0x28 c:/program files (x86)/atmel/studio/7.0/toolchain/avr8/avr8-gnu-toolchain/bin/../lib/gcc/avr/5.4.0/../../../../avr/lib/avr5\libm.a(exp.o)
 .progmem.gcc_fplib
                0x000000a4       0x5a c:/program files (x86)/atmel/studio/7.0/toolchain/avr8/avr8-gnu-toolchain/bin/../lib/gcc/avr/5.4.0/../../../../avr/lib/avr5\libm.a(log.o)
                0x000000fe                . = ALIGN (0x2)
                0x000000fe                __trampolines_start = .
 *(.trampolines)
 .trampolines   0x000000fe        0x0 linker stubs
 *(.trampolines*)
                0x000000fe                __trampolines_end = .
 *libprintf_flt.a:*(.progmem.data)
 .progmem.data  0x000000fe        0x8 c:/program files (x86)/atmel/studio/7.0/toolchain/avr8/avr8-gnu-toolchain/bin/../lib/gcc/avr/5.4.0/../../../../avr/lib/avr5\libprintf_flt.a(vfprintf_flt.o)
 *libc.a:*(.progmem.data)
 .progmem.data  0x00000106       0xfa c:/program files (x86)/atmel/studio/7.0/toolchain/avr8/avr8-gnu-toolchain/bin/../lib/gcc/avr/5.4.0/../../../../avr/lib/avr5\libc.a(ftoa_engine.o)
 *(.progmem*)
 .progmem.data  0x00000200      0x415 ../../../capi324v22x-v2.06.000R\libcapi324v22x.a(LCD_globals.o)
                0x00000200                char_bitmap
                0x00000415                CEENBoT_Inc_logo_bitmap
                0x00000616                . = ALIGN (0x2)
 *fill*         0x00000615        0x1 
 *(.jumptables)
 *(.jumptables*)
 *(.lowtext)
 *(.lowtext*)
                0x00000616                __ctors_start = .
 *(.ctors)
                0x00000616                __ctors_end = .
                0x00000616                __dtors_start = .
 *(.dtors)
                0x00000616                __dtors_end = .
 SORT(*)(.ctors)
 SORT(*)(.dtors)
 *(.init0)
 .init0         0x00000616        0x0 C:/Program Files (x86)/Atmel/Studio/7.0/Packs/atmel/ATmega_DFP/1.2.132/gcc/dev/atmega324p/avr5/crtatmega324p.o
                0x00000616                __init
 *(.init0)
 *(.init1)
 *(.init1)
 *(.init2)
 .init2         0x00000616        0xc C:/Program Files (x86)/Atmel/Studio/7.0/Packs/atmel/ATmega_DFP/1.2.132/gcc/dev/atmega324p/avr5/crtatmega324p.o
 *(.init2)
 *(.init3)
 *(.init3)
 *(.init4)
 .init4         0x00000622       0x16 c:/program files (x86)/atmel/studio/7.0/toolchain/avr8/avr8-gnu-toolchain/bin/../lib/gcc/avr/5.4.0/avr5\libgcc.a(_copy_data.o)
                0x00000622                __do_copy_data
 .init4         0x00000638       0x10 c:/program files (x86)/atmel/studio/7.0/toolchain/avr8/avr8-gnu-toolchain/bin/../lib/gcc/avr/5.4.0/avr5\libgcc.a(_clear_bss.o)
                0x00000638                __do_clear_bss
 *(.init4)
 *(.init5)
 *(.init5)
 *(.init6)
 *(.init6)
 *(.init7)
 *(.init7)
 *(.init8)
 *(.init8)
 *(.init9)
 .init9         0x00000648        0x8 C:/Program Files (x86)/Atmel/Studio/7.0/Packs/atmel/ATmega_DFP/1.2.132/gcc/dev/atmega324p/avr5/crtatmega324p.o
 *(.init9)
 *(.text)
 .text          0x00000650        0x4 C:/Program Files (x86)/Atmel/Studio/7.0/Packs/atmel/ATmega_DFP/1.2.132/gcc/dev/atmega324p/avr5/crtatmega324p.o
                0x00000650                __vector_22
                0x00000650                __vector_28
                0x00000650                __vector_1
                0x00000650                __vector_24
                0x00000650                __bad_interrupt
                0x00000650                __vector_3
                0x00000650                __vector_23
                0x00000650                __vector_30
                0x00000650                __vector_25
                0x00000650                __vector_19
                0x00000650                __vector_27
                0x00000650                __vector_2
                0x00000650                __vector_21
                0x00000650                __vector_29
                0x00000650                __vector_8
                0x00000650                __vector_26
                0x00000650                __vector_20
 .text          0x00000654       0x16 ../../../capi324v22x-v2.06.000R\libcapi324v22x.a(ADC_open.o)
                0x00000654                ADC_open
 .text          0x0000066a       0x3a ../../../capi324v22x-v2.06.000R\libcapi324v22x.a(ADC_sample.o)
                0x0000066a                ADC_sample
 .text          0x000006a4       0x16 ../../../capi324v22x-v2.06.000R\libcapi324v22x.a(ADC_set_VREF.o)
                0x000006a4                ADC_set_VREF
 .text          0x000006ba       0x6e ../../../capi324v22x-v2.06.000R\libcapi324v22x.a(ADC_set_channel.o)
                0x000006ba                ADC_set_channel
 .text          0x00000728       0x16 ../../../capi324v22x-v2.06.000R\libcapi324v22x.a(__ADC_init.o)
                0x00000728                __ADC_init
 .text          0x0000073e       0x12 ../../../capi324v22x-v2.06.000R\libcapi324v22x.a(CBOT_main.o)
                0x0000073e                main
 .text          0x00000750       0x44 ../../../capi324v22x-v2.06.000R\libcapi324v22x.a(LCD_clear.o)
                0x00000750                LCD_clear
 .text          0x00000794      0x10c ../../../capi324v22x-v2.06.000R\libcapi324v22x.a(LCD_open.o)
                0x00000794                LCD_open
 .text          0x000008a0       0x44 ../../../capi324v22x-v2.06.000R\libcapi324v22x.a(LCD_set_PGC_addr.o)
                0x000008a0                LCD_set_PGC_addr
 .text          0x000008e4       0x2e ../../../capi324v22x-v2.06.000R\libcapi324v22x.a(LCD_set_RC.o)
                0x000008e4                LCD_set_RC
 .text          0x00000912       0x42 ../../../capi324v22x-v2.06.000R\libcapi324v22x.a(LCD_set_backlight.o)
                0x00000912                LCD_set_backlight
 .text          0x00000954       0x24 ../../../capi324v22x-v2.06.000R\libcapi324v22x.a(LCD_set_next_PGC.o)
                0x00000954                LCD_set_next_PGC
 .text          0x00000978       0x36 ../../../capi324v22x-v2.06.000R\libcapi324v22x.a(LCD_write.o)
                0x00000978                LCD_write
 .text          0x000009ae        0x4 ../../../capi324v22x-v2.06.000R\libcapi324v22x.a(__LCD_init.o)
                0x000009ae                __LCD_init
 .text          0x000009b2       0x16 ../../../capi324v22x-v2.06.000R\libcapi324v22x.a(LED_open.o)
                0x000009b2                LED_open
 .text          0x000009c8       0x18 ../../../capi324v22x-v2.06.000R\libcapi324v22x.a(LED_tog_pattern.o)
                0x000009c8                LED_tog_pattern
 .text          0x000009e0       0x12 ../../../capi324v22x-v2.06.000R\libcapi324v22x.a(__LED_init.o)
                0x000009e0                __LED_init
 .text          0x000009f2       0x1c ../../../capi324v22x-v2.06.000R\libcapi324v22x.a(__LED_tog_pattern.o)
                0x000009f2                __LED_tog_pattern
 .text          0x00000a0e       0x72 ../../../capi324v22x-v2.06.000R\libcapi324v22x.a(SPI_open.o)
                0x00000a0e                SPI_open
 .text          0x00000a80       0x12 ../../../capi324v22x-v2.06.000R\libcapi324v22x.a(SPI_set_config_func.o)
                0x00000a80                SPI_set_config_func
 .text          0x00000a92       0xa2 ../../../capi324v22x-v2.06.000R\libcapi324v22x.a(SPI_set_slave_addr.o)
                0x00000a92                SPI_set_slave_addr
 .text          0x00000b34       0x1e ../../../capi324v22x-v2.06.000R\libcapi324v22x.a(SPI_transmit.o)
                0x00000b34                SPI_transmit
 .text          0x00000b52        0xe ../../../capi324v22x-v2.06.000R\libcapi324v22x.a(__SPI_init.o)
                0x00000b52                __SPI_init
 .text          0x00000b60      0x28e ../../../capi324v22x-v2.06.000R\libcapi324v22x.a(STEPPER_move.o)
                0x00000cbc                STEPPER_move
 .text          0x00000dee       0xea ../../../capi324v22x-v2.06.000R\libcapi324v22x.a(STEPPER_open.o)
                0x00000dee                STEPPER_open
 .text          0x00000ed8       0x2e ../../../capi324v22x-v2.06.000R\libcapi324v22x.a(STEPPER_run.o)
                0x00000ed8                STEPPER_run
 .text          0x00000f06       0x3a ../../../capi324v22x-v2.06.000R\libcapi324v22x.a(STEPPER_run2.o)
                0x00000f06                STEPPER_run2
 .text          0x00000f40       0x82 ../../../capi324v22x-v2.06.000R\libcapi324v22x.a(STEPPER_runn.o)
                0x00000f40                STEPPER_runn
 .text          0x00000fc2       0x44 ../../../capi324v22x-v2.06.000R\libcapi324v22x.a(STEPPER_set_accel.o)
                0x00000fc2                STEPPER_set_accel
 .text          0x00001006       0x3c ../../../capi324v22x-v2.06.000R\libcapi324v22x.a(STEPPER_set_accel2.o)
                0x00001006                STEPPER_set_accel2
 .text          0x00001042       0x2a ../../../capi324v22x-v2.06.000R\libcapi324v22x.a(STEPPER_set_dir.o)
                0x00001042                STEPPER_set_dir
 .text          0x0000106c       0x14 ../../../capi324v22x-v2.06.000R\libcapi324v22x.a(STEPPER_set_dir2.o)
                0x0000106c                STEPPER_set_dir2
 .text          0x00001080       0x2a ../../../capi324v22x-v2.06.000R\libcapi324v22x.a(STEPPER_set_mode.o)
                0x00001080                STEPPER_set_mode
 .text          0x000010aa       0x5a ../../../capi324v22x-v2.06.000R\libcapi324v22x.a(STEPPER_set_speed.o)
                0x000010aa                STEPPER_set_speed
 .text          0x00001104       0x3e ../../../capi324v22x-v2.06.000R\libcapi324v22x.a(STEPPER_set_speed2.o)
                0x00001104                STEPPER_set_speed2
 .text          0x00001142      0x126 ../../../capi324v22x-v2.06.000R\libcapi324v22x.a(STEPPER_step.o)
                0x00001142                STEPPER_step
 .text          0x00001268      0x10a ../../../capi324v22x-v2.06.000R\libcapi324v22x.a(STEPPER_step2.o)
                0x00001268                STEPPER_step2
 .text          0x00001372       0x4a ../../../capi324v22x-v2.06.000R\libcapi324v22x.a(STEPPER_stop.o)
                0x00001372                STEPPER_stop
 .text          0x000013bc       0xa6 ../../../capi324v22x-v2.06.000R\libcapi324v22x.a(STEPPER_wait_and_then.o)
                0x000013bc                STEPPER_wait_and_then
 .text          0x00001462       0x14 ../../../capi324v22x-v2.06.000R\libcapi324v22x.a(__STEPPER_init.o)
                0x00001462                __STEPPER_init
 .text          0x00001476       0x20 ../../../capi324v22x-v2.06.000R\libcapi324v22x.a(SYS_decrement_refcount.o)
                0x00001476                SYS_decrement_refcount
 .text          0x00001496       0x1a ../../../capi324v22x-v2.06.000R\libcapi324v22x.a(SYS_increment_refcount.o)
                0x00001496                SYS_increment_refcount
 .text          0x000014b0       0x18 ../../../capi324v22x-v2.06.000R\libcapi324v22x.a(SYS_isOpen.o)
                0x000014b0                SYS_isOpen
 .text          0x000014c8       0x6a ../../../capi324v22x-v2.06.000R\libcapi324v22x.a(ATTINY_get_IR_state.o)
                0x000014c8                ATTINY_get_IR_state
 .text          0x00001532       0x9c ../../../capi324v22x-v2.06.000R\libcapi324v22x.a(ATTINY_get_SW_state.o)
                0x00001532                ATTINY_get_SW_state
 .text          0x000015ce       0x62 ../../../capi324v22x-v2.06.000R\libcapi324v22x.a(ATTINY_get_sensors.o)
                0x000015ce                ATTINY_get_sensors
 .text          0x00001630       0x48 ../../../capi324v22x-v2.06.000R\libcapi324v22x.a(ATTINY_open.o)
                0x00001630                ATTINY_open
 .text          0x00001678       0x82 ../../../capi324v22x-v2.06.000R\libcapi324v22x.a(__ATTINY_initialize_params.o)
                0x00001678                __ATTINY_initialize_params
 .text          0x000016fa       0x5a ../../../capi324v22x-v2.06.000R\libcapi324v22x.a(TMRSRVC_delay.o)
                0x000016fa                TMRSRVC_delay
 .text          0x00001754       0x7c ../../../capi324v22x-v2.06.000R\libcapi324v22x.a(TMRSRVC_new.o)
                0x00001754                TMRSRVC_new
 .text          0x000017d0       0xd2 ../../../capi324v22x-v2.06.000R\libcapi324v22x.a(__TMRSRVC_insert.o)
                0x000017d0                TMRSRVC_insert
 .text          0x000018a2       0x1c ../../../capi324v22x-v2.06.000R\libcapi324v22x.a(CBOT_init.o)
                0x000018a2                CBOT_init
 .text          0x000018be      0x480 ../../../capi324v22x-v2.06.000R\libcapi324v22x.a(CBOT_isr.o)
                0x000018be                CBOT_ISR_init
                0x000018c2                __vector_16
                0x00001914                __vector_17
                0x00001966                __vector_18
                0x000019b8                __vector_9
                0x00001a0a                __vector_10
                0x00001a5c                __vector_11
                0x00001aae                __vector_13
                0x00001b00                __vector_14
                0x00001b52                __vector_12
                0x00001ba4                __vector_15
                0x00001bf6                __vector_4
                0x00001c48                __vector_5
                0x00001c9a                __vector_6
                0x00001cec                __vector_7
 .text          0x00001d3e       0x22 ../../../capi324v22x-v2.06.000R\libcapi324v22x.a(ISR_open.o)
                0x00001d3e                ISR_open
 .text          0x00001d60      0x15a ../../../capi324v22x-v2.06.000R\libcapi324v22x.a(__LCD_putchar.o)
                0x00001d60                __LCD_putchar
 .text          0x00001eba       0x18 ../../../capi324v22x-v2.06.000R\libcapi324v22x.a(LED_clr_pattern.o)
                0x00001eba                LED_clr_pattern
 .text          0x00001ed2        0xa ../../../capi324v22x-v2.06.000R\libcapi324v22x.a(__LED_clr_pattern.o)
                0x00001ed2                __LED_clr_pattern
 .text          0x00001edc       0x10 ../../../capi324v22x-v2.06.000R\libcapi324v22x.a(ATMEGA_open.o)
                0x00001edc                ATMEGA_open
 .text          0x00001eec       0xa6 ../../../capi324v22x-v2.06.000R\libcapi324v22x.a(ATMEGA_set_clk_mode.o)
                0x00001eec                ATMEGA_set_clk_mode
 .text          0x00001f92        0x6 ../../../capi324v22x-v2.06.000R\libcapi324v22x.a(__ATMEGA_init.o)
                0x00001f92                __ATMEGA_init
 .text          0x00001f98       0x52 ../../../capi324v22x-v2.06.000R\libcapi324v22x.a(SPI_cfgrs.o)
                0x00001f98                SPI_default_config
                0x00001fa8                SPI_ATtiny0_config
                0x00001fb8                SPI_PSXC_config
                0x00001fc8                SPI_LCD_config
                0x00001fd8                SPI_FLASH_config
 .text          0x00001fea       0x20 ../../../capi324v22x-v2.06.000R\libcapi324v22x.a(SPI_receive.o)
                0x00001fea                SPI_receive
 .text          0x0000200a       0x64 ../../../capi324v22x-v2.06.000R\libcapi324v22x.a(SPKR_close.o)
                0x0000200a                __SPKR_close_beep_mode
                0x00002020                __SPKR_close_tone_mode
                0x0000205a                SPKR_close
 .text          0x0000206e      0x136 ../../../capi324v22x-v2.06.000R\libcapi324v22x.a(SPKR_open.o)
                0x0000206e                __SPKR_set_up_freq_LUT
                0x0000210c                __SPKR_open_beep_mode
                0x00002130                __SPKR_open_tone_mode
                0x0000218c                SPKR_open
 .text          0x000021a4       0xac ../../../capi324v22x-v2.06.000R\libcapi324v22x.a(SPKR_play_beep.o)
                0x000021a4                SPKR_play_beep
 .text          0x00002250       0x38 ../../../capi324v22x-v2.06.000R\libcapi324v22x.a(__SPKR_close.o)
                0x00002250                __SPKR_close
 .text          0x00002288       0x54 ../../../capi324v22x-v2.06.000R\libcapi324v22x.a(__SPKR_init.o)
                0x00002288                __SPKR_init
 .text          0x000022dc        0xc ../../../capi324v22x-v2.06.000R\libcapi324v22x.a(__SPKR_stop.o)
                0x000022dc                __SPKR_stop
 .text          0x000022e8       0x2a ../../../capi324v22x-v2.06.000R\libcapi324v22x.a(STEPPER_go.o)
                0x000022e8                STEPPER_go
 .text          0x00002312       0x36 ../../../capi324v22x-v2.06.000R\libcapi324v22x.a(STEPPER_set_steps.o)
                0x00002312                STEPPER_set_steps
 .text          0x00002348       0x1a ../../../capi324v22x-v2.06.000R\libcapi324v22x.a(STEPPER_set_steps2.o)
                0x00002348                STEPPER_set_steps2
 .text          0x00002362       0x2a ../../../capi324v22x-v2.06.000R\libcapi324v22x.a(STEPPER_set_stop_mode.o)
                0x00002362                STEPPER_set_stop_mode
 .text          0x0000238c       0x7a ../../../capi324v22x-v2.06.000R\libcapi324v22x.a(STEPPER_setup_decels.o)
                0x0000238c                STEPPER_setup_decels
 .text          0x00002406       0x1e ../../../capi324v22x-v2.06.000R\libcapi324v22x.a(SYS_init.o)
                0x00002406                SYS_init
 .text          0x00002424       0x10 ../../../capi324v22x-v2.06.000R\libcapi324v22x.a(SYS_set_refcount.o)
                0x00002424                SYS_set_refcount
 .text          0x00002434       0x7a ../../../capi324v22x-v2.06.000R\libcapi324v22x.a(ATTINY_get_firm_rev.o)
                0x00002434                ATTINY_get_firm_rev
 .text          0x000024ae       0x38 ../../../capi324v22x-v2.06.000R\libcapi324v22x.a(TMRSRVC_open.o)
                0x000024ae                TMRSRVC_open
 .text          0x000024e6        0x8 ../../../capi324v22x-v2.06.000R\libcapi324v22x.a(TMRSRVC_start.o)
                0x000024e6                TMRSRVC_start
 .text          0x000024ee       0x12 ../../../capi324v22x-v2.06.000R\libcapi324v22x.a(__TMRSRVC_init.o)
                0x000024ee                __TMRSRVC_init
 .text          0x00002500        0xc ../../../capi324v22x-v2.06.000R\libcapi324v22x.a(__TMRSRVC_start.o)
                0x00002500                __TMRSRVC_start
 .text          0x0000250c       0x28 ../../../capi324v22x-v2.06.000R\libcapi324v22x.a(ISR_attach.o)
                0x0000250c                ISR_attach
 .text          0x00002534       0x22 ../../../capi324v22x-v2.06.000R\libcapi324v22x.a(__ISR_attach.o)
                0x00002534                __ISR_attach
 .text          0x00002556        0x6 ../../../capi324v22x-v2.06.000R\libcapi324v22x.a(ISR__SPKR__TIMER1_COMPA_vect.o)
                0x00002556                __SPKR_TIMER1_COMPA_vect
 .text          0x0000255c       0x48 ../../../capi324v22x-v2.06.000R\libcapi324v22x.a(SPKR_beep.o)
                0x0000255c                SPKR_beep
 .text          0x000025a4       0x82 ../../../capi324v22x-v2.06.000R\libcapi324v22x.a(SPKR_clk.o)
                0x000025a4                SPKR_clk
 .text          0x00002626       0xda ../../../capi324v22x-v2.06.000R\libcapi324v22x.a(STEPPER_set_decel_step_values.o)
                0x00002626                STEPPER_set_decel_step_values
 .text          0x00002700        0xe ../../../capi324v22x-v2.06.000R\libcapi324v22x.a(ISR__TIMER0_COMPA_vect.o)
                0x00002700                __TIMER0_COMPA_vect
 .text          0x0000270e       0x32 ../../../capi324v22x-v2.06.000R\libcapi324v22x.a(TMRSRVC_tick.o)
                0x0000270e                TMRSRVC_tick
 .text          0x00002740       0x4e ../../../capi324v22x-v2.06.000R\libcapi324v22x.a(SPKR_beep_clk.o)
                0x00002740                SPKR_beep_clk
 .text          0x0000278e      0x162 ../../../capi324v22x-v2.06.000R\libcapi324v22x.a(STEPPER_clk.o)
                0x0000278e                STEPPER_clk
 .text          0x000028f0       0x8a ../../../capi324v22x-v2.06.000R\libcapi324v22x.a(STEPPER_process_accel.o)
                0x000028f0                STEPPER_process_accel
 .text          0x0000297a      0x206 ../../../capi324v22x-v2.06.000R\libcapi324v22x.a(STEPPER_process_run_mode.o)
                0x0000297a                STEPPER_process_run_mode
 .text          0x00002b80       0xa8 ../../../capi324v22x-v2.06.000R\libcapi324v22x.a(STEPPER_process_step_mode.o)
                0x00002b80                STEPPER_process_step_mode
 .text          0x00002c28       0xd6 ../../../capi324v22x-v2.06.000R\libcapi324v22x.a(TMRSRVC_process.o)
                0x00002c28                TMRSRVC_process
 .text          0x00002cfe        0x6 ../../../capi324v22x-v2.06.000R\libcapi324v22x.a(TMRSRVC_stop.o)
                0x00002cfe                TMRSRVC_stop
 .text          0x00002d04      0x130 ../../../capi324v22x-v2.06.000R\libcapi324v22x.a(STEPPER_process_pwm.o)
                0x00002d04                STEPPER_process_pwm
                0x00002e34                . = ALIGN (0x2)
 *(.text.*)
 .text.open_modules
                0x00002e34       0x2e convenience.o
                0x00002e34                open_modules
 .text.info_display
                0x00002e62       0x72 convenience.o
                0x00002e62                info_display
 .text.compare_actions
                0x00002ed4       0x6a convenience.o
                0x00002ed4                compare_actions
 .text.act      0x00002f3e       0x40 convenience.o
                0x00002f3e                act
 .text.explore  0x00002f7e       0x20 explore.o
                0x00002f7e                explore
 .text.IR_sense
                0x00002f9e       0x4c ir_behaviors.o
                0x00002f9e                IR_sense
 .text.IR_avoid
                0x00002fea      0x26c ir_behaviors.o
                0x00002fea                IR_avoid
 .text.CBOT_main
                0x00003256       0x9c main.o
                0x00003256                CBOT_main
 .text.get_PR_diff
                0x000032f2       0x38 pr_behaviors.o
                0x000032f2                get_PR_diff
 .text.calibrate_pr
                0x0000332a       0x42 pr_behaviors.o
                0x0000332a                calibrate_pr
 .text.PR_sense
                0x0000336c       0x58 pr_behaviors.o
                0x0000336c                PR_sense
 .text.light_follow
                0x000033c4      0x29a pr_behaviors.o
                0x000033c4                light_follow
 .text.avr-libc
                0x0000365e      0x6fa c:/program files (x86)/atmel/studio/7.0/toolchain/avr8/avr8-gnu-toolchain/bin/../lib/gcc/avr/5.4.0/../../../../avr/lib/avr5\libprintf_flt.a(vfprintf_flt.o)
                0x0000365e                vfprintf
 .text.avr-libc.fplib
                0x00003d58        0xe c:/program files (x86)/atmel/studio/7.0/toolchain/avr8/avr8-gnu-toolchain/bin/../lib/gcc/avr/5.4.0/../../../../avr/lib/avr5\libm.a(addsf3.o)
                0x00003d58                __subsf3
                0x00003d5a                __addsf3
 .text.avr-libc.fplib
                0x00003d66       0xcc c:/program files (x86)/atmel/studio/7.0/toolchain/avr8/avr8-gnu-toolchain/bin/../lib/gcc/avr/5.4.0/../../../../avr/lib/avr5\libm.a(addsf3x.o)
                0x00003d88                __addsf3x
 .text.avr-libc.fplib
                0x00003e32        0xa c:/program files (x86)/atmel/studio/7.0/toolchain/avr8/avr8-gnu-toolchain/bin/../lib/gcc/avr/5.4.0/../../../../avr/lib/avr5\libm.a(cmpsf2.o)
                0x00003e32                __nesf2
                0x00003e32                __eqsf2
                0x00003e32                __cmpsf2
                0x00003e32                __ltsf2
                0x00003e32                __lesf2
 .text.avr-libc.fplib
                0x00003e3c        0x8 c:/program files (x86)/atmel/studio/7.0/toolchain/avr8/avr8-gnu-toolchain/bin/../lib/gcc/avr/5.4.0/../../../../avr/lib/avr5\libm.a(divsf3.o)
                0x00003e3c                __divsf3
 .text.avr-libc.fplib
                0x00003e44       0xdc c:/program files (x86)/atmel/studio/7.0/toolchain/avr8/avr8-gnu-toolchain/bin/../lib/gcc/avr/5.4.0/../../../../avr/lib/avr5\libm.a(divsf3x.o)
                0x00003e64                __divsf3x
                0x00003e6a                __divsf3_pse
 .text.avr-libc.fplib
                0x00003f20        0xe c:/program files (x86)/atmel/studio/7.0/toolchain/avr8/avr8-gnu-toolchain/bin/../lib/gcc/avr/5.4.0/../../../../avr/lib/avr5\libm.a(fixsfsi.o)
                0x00003f20                __fixsfsi
 .text.avr-libc.fplib
                0x00003f2e       0x5e c:/program files (x86)/atmel/studio/7.0/toolchain/avr8/avr8-gnu-toolchain/bin/../lib/gcc/avr/5.4.0/../../../../avr/lib/avr5\libm.a(fixunssfsi.o)
                0x00003f2e                __fixunssfsi
 .text.avr-libc.fplib
                0x00003f8c       0x7a c:/program files (x86)/atmel/studio/7.0/toolchain/avr8/avr8-gnu-toolchain/bin/../lib/gcc/avr/5.4.0/../../../../avr/lib/avr5\libm.a(floatsisf.o)
                0x00003f8c                __floatunsisf
                0x00003f90                __floatsisf
 .text.avr-libc.fplib
                0x00004006       0x48 c:/program files (x86)/atmel/studio/7.0/toolchain/avr8/avr8-gnu-toolchain/bin/../lib/gcc/avr/5.4.0/../../../../avr/lib/avr5\libm.a(fp_cmp.o)
                0x00004006                __fp_cmp
 .text.avr-libc.fplib
                0x0000404e        0xc c:/program files (x86)/atmel/studio/7.0/toolchain/avr8/avr8-gnu-toolchain/bin/../lib/gcc/avr/5.4.0/../../../../avr/lib/avr5\libm.a(fp_inf.o)
                0x0000404e                __fp_inf
 .text.avr-libc.fplib
                0x0000405a        0x6 c:/program files (x86)/atmel/studio/7.0/toolchain/avr8/avr8-gnu-toolchain/bin/../lib/gcc/avr/5.4.0/../../../../avr/lib/avr5\libm.a(fp_nan.o)
                0x0000405a                __fp_nan
 .text.avr-libc.fplib
                0x00004060        0xe c:/program files (x86)/atmel/studio/7.0/toolchain/avr8/avr8-gnu-toolchain/bin/../lib/gcc/avr/5.4.0/../../../../avr/lib/avr5\libm.a(fp_pscA.o)
                0x00004060                __fp_pscA
 .text.avr-libc.fplib
                0x0000406e        0xe c:/program files (x86)/atmel/studio/7.0/toolchain/avr8/avr8-gnu-toolchain/bin/../lib/gcc/avr/5.4.0/../../../../avr/lib/avr5\libm.a(fp_pscB.o)
                0x0000406e                __fp_pscB
 .text.avr-libc.fplib
                0x0000407c       0x22 c:/program files (x86)/atmel/studio/7.0/toolchain/avr8/avr8-gnu-toolchain/bin/../lib/gcc/avr/5.4.0/../../../../avr/lib/avr5\libm.a(fp_round.o)
                0x0000407c                __fp_round
 .text.avr-libc.fplib
                0x0000409e       0x44 c:/program files (x86)/atmel/studio/7.0/toolchain/avr8/avr8-gnu-toolchain/bin/../lib/gcc/avr/5.4.0/../../../../avr/lib/avr5\libm.a(fp_split3.o)
                0x0000409e                __fp_split3
                0x000040ae                __fp_splitA
 .text.avr-libc.fplib
                0x000040e2        0xe c:/program files (x86)/atmel/studio/7.0/toolchain/avr8/avr8-gnu-toolchain/bin/../lib/gcc/avr/5.4.0/../../../../avr/lib/avr5\libm.a(fp_zero.o)
                0x000040e2                __fp_zero
                0x000040e4                __fp_szero
 .text.avr-libc.fplib
                0x000040f0        0xa c:/program files (x86)/atmel/studio/7.0/toolchain/avr8/avr8-gnu-toolchain/bin/../lib/gcc/avr/5.4.0/../../../../avr/lib/avr5\libm.a(gesf2.o)
                0x000040f0                __gesf2
                0x000040f0                __gtsf2
 .text.avr-libc.fplib
                0x000040fa       0x7a c:/program files (x86)/atmel/studio/7.0/toolchain/avr8/avr8-gnu-toolchain/bin/../lib/gcc/avr/5.4.0/../../../../avr/lib/avr5\libm.a(lrint.o)
                0x000040fa                lrint
 .text.avr-libc.fplib
                0x00004174        0x8 c:/program files (x86)/atmel/studio/7.0/toolchain/avr8/avr8-gnu-toolchain/bin/../lib/gcc/avr/5.4.0/../../../../avr/lib/avr5\libm.a(mulsf3.o)
                0x00004174                __mulsf3
 .text.avr-libc.fplib
                0x0000417c       0xd2 c:/program files (x86)/atmel/studio/7.0/toolchain/avr8/avr8-gnu-toolchain/bin/../lib/gcc/avr/5.4.0/../../../../avr/lib/avr5\libm.a(mulsf3x.o)
                0x0000419a                __mulsf3x
                0x000041a0                __mulsf3_pse
 .text.avr-libc.fplib
                0x0000424e       0xa0 c:/program files (x86)/atmel/studio/7.0/toolchain/avr8/avr8-gnu-toolchain/bin/../lib/gcc/avr/5.4.0/../../../../avr/lib/avr5\libm.a(pow.o)
                0x0000424e                pow
 .text.avr-libc.fplib
                0x000042ee       0x74 c:/program files (x86)/atmel/studio/7.0/toolchain/avr8/avr8-gnu-toolchain/bin/../lib/gcc/avr/5.4.0/../../../../avr/lib/avr5\libm.a(exp.o)
                0x000042fe                exp
 .text.avr-libc.fplib
                0x00004362       0x4e c:/program files (x86)/atmel/studio/7.0/toolchain/avr8/avr8-gnu-toolchain/bin/../lib/gcc/avr/5.4.0/../../../../avr/lib/avr5\libm.a(fp_powser.o)
                0x00004362                __fp_powser
 .text.avr-libc.fplib
                0x000043b0       0x10 c:/program files (x86)/atmel/studio/7.0/toolchain/avr8/avr8-gnu-toolchain/bin/../lib/gcc/avr/5.4.0/../../../../avr/lib/avr5\libm.a(inverse.o)
                0x000043b0                inverse
 .text.avr-libc.fplib
                0x000043c0       0x74 c:/program files (x86)/atmel/studio/7.0/toolchain/avr8/avr8-gnu-toolchain/bin/../lib/gcc/avr/5.4.0/../../../../avr/lib/avr5\libm.a(ldexp.o)
                0x000043c8                ldexp
 .text.avr-libc.fplib
                0x00004434       0xa0 c:/program files (x86)/atmel/studio/7.0/toolchain/avr8/avr8-gnu-toolchain/bin/../lib/gcc/avr/5.4.0/../../../../avr/lib/avr5\libm.a(log.o)
                0x00004444                log
 .text.avr-libc.fplib
                0x000044d4       0x68 c:/program files (x86)/atmel/studio/7.0/toolchain/avr8/avr8-gnu-toolchain/bin/../lib/gcc/avr/5.4.0/../../../../avr/lib/avr5\libm.a(modf.o)
                0x000044d4                modf
                0x000044d4                modff
 .text.avr-libc.fplib
                0x0000453c       0x1c c:/program files (x86)/atmel/studio/7.0/toolchain/avr8/avr8-gnu-toolchain/bin/../lib/gcc/avr/5.4.0/../../../../avr/lib/avr5\libm.a(fp_mpack.o)
                0x0000453c                __fp_mpack
                0x00004540                __fp_mpack_finite
 .text.libgcc.mul
                0x00004558       0x20 c:/program files (x86)/atmel/studio/7.0/toolchain/avr8/avr8-gnu-toolchain/bin/../lib/gcc/avr/5.4.0/avr5\libgcc.a(_mulsi3.o)
                0x00004558                __mulsi3
 .text.libgcc.div
                0x00004578       0x44 c:/program files (x86)/atmel/studio/7.0/toolchain/avr8/avr8-gnu-toolchain/bin/../lib/gcc/avr/5.4.0/avr5\libgcc.a(_udivmodsi4.o)
                0x00004578                __udivmodsi4
 .text.libgcc.mul
                0x000045bc       0x16 c:/program files (x86)/atmel/studio/7.0/toolchain/avr8/avr8-gnu-toolchain/bin/../lib/gcc/avr/5.4.0/avr5\libgcc.a(_muluhisi3.o)
                0x000045bc                __muluhisi3
 .text.libgcc.prologue
                0x000045d2       0x38 c:/program files (x86)/atmel/studio/7.0/toolchain/avr8/avr8-gnu-toolchain/bin/../lib/gcc/avr/5.4.0/avr5\libgcc.a(_prologue.o)
                0x000045d2                __prologue_saves__
 .text.libgcc.prologue
                0x0000460a       0x36 c:/program files (x86)/atmel/studio/7.0/toolchain/avr8/avr8-gnu-toolchain/bin/../lib/gcc/avr/5.4.0/avr5\libgcc.a(_epilogue.o)
                0x0000460a                __epilogue_restores__
 .text.libgcc.mul
                0x00004640       0x1e c:/program files (x86)/atmel/studio/7.0/toolchain/avr8/avr8-gnu-toolchain/bin/../lib/gcc/avr/5.4.0/avr5\libgcc.a(_umulhisi3.o)
                0x00004640                __umulhisi3
 .text.avr-libc
                0x0000465e      0x242 c:/program files (x86)/atmel/studio/7.0/toolchain/avr8/avr8-gnu-toolchain/bin/../lib/gcc/avr/5.4.0/../../../../avr/lib/avr5\libc.a(malloc.o)
                0x0000465e                malloc
                0x0000478e                free
 .text.avr-libc
                0x000048a0      0x1b0 c:/program files (x86)/atmel/studio/7.0/toolchain/avr8/avr8-gnu-toolchain/bin/../lib/gcc/avr/5.4.0/../../../../avr/lib/avr5\libc.a(ftoa_engine.o)
                0x000048a0                __ftoa_engine
 .text.avr-libc
                0x00004a50       0x16 c:/program files (x86)/atmel/studio/7.0/toolchain/avr8/avr8-gnu-toolchain/bin/../lib/gcc/avr/5.4.0/../../../../avr/lib/avr5\libc.a(strnlen_P.o)
                0x00004a50                strnlen_P
 .text.avr-libc
                0x00004a66       0x16 c:/program files (x86)/atmel/studio/7.0/toolchain/avr8/avr8-gnu-toolchain/bin/../lib/gcc/avr/5.4.0/../../../../avr/lib/avr5\libc.a(strnlen.o)
                0x00004a66                strnlen
 .text.avr-libc
                0x00004a7c       0x78 c:/program files (x86)/atmel/studio/7.0/toolchain/avr8/avr8-gnu-toolchain/bin/../lib/gcc/avr/5.4.0/../../../../avr/lib/avr5\libc.a(fputc.o)
                0x00004a7c                fputc
 .text.avr-libc
                0x00004af4       0x2c c:/program files (x86)/atmel/studio/7.0/toolchain/avr8/avr8-gnu-toolchain/bin/../lib/gcc/avr/5.4.0/../../../../avr/lib/avr5\libc.a(printf.o)
                0x00004af4                printf
 .text.avr-libc
                0x00004b20       0x60 c:/program files (x86)/atmel/studio/7.0/toolchain/avr8/avr8-gnu-toolchain/bin/../lib/gcc/avr/5.4.0/../../../../avr/lib/avr5\libc.a(puts.o)
                0x00004b20                puts
 .text.avr-libc
                0x00004b80       0xbc c:/program files (x86)/atmel/studio/7.0/toolchain/avr8/avr8-gnu-toolchain/bin/../lib/gcc/avr/5.4.0/../../../../avr/lib/avr5\libc.a(ultoa_invert.o)
                0x00004b80                __ultoa_invert
                0x00004c3c                . = ALIGN (0x2)
 *(.fini9)
 .fini9         0x00004c3c        0x0 c:/program files (x86)/atmel/studio/7.0/toolchain/avr8/avr8-gnu-toolchain/bin/../lib/gcc/avr/5.4.0/avr5\libgcc.a(_exit.o)
                0x00004c3c                _exit
                0x00004c3c                exit
 *(.fini9)
 *(.fini8)
 *(.fini8)
 *(.fini7)
 *(.fini7)
 *(.fini6)
 *(.fini6)
 *(.fini5)
 *(.fini5)
 *(.fini4)
 *(.fini4)
 *(.fini3)
 *(.fini3)
 *(.fini2)
 *(.fini2)
 *(.fini1)
 *(.fini1)
 *(.fini0)
 .fini0         0x00004c3c        0x4 c:/program files (x86)/atmel/studio/7.0/toolchain/avr8/avr8-gnu-toolchain/bin/../lib/gcc/avr/5.4.0/avr5\libgcc.a(_exit.o)
 *(.fini0)
                0x00004c40                _etext = .

.data           0x00800100       0xf8 load address 0x00004c40
                0x00800100                PROVIDE (__data_start, .)
 *(.data)
 .data          0x00800100        0x1 ../../../capi324v22x-v2.06.000R\libcapi324v22x.a(ADC_set_channel.o)
 .data          0x00800101        0x4 ../../../capi324v22x-v2.06.000R\libcapi324v22x.a(ATTINY_get_IR_state.o)
 .data          0x00800105        0x6 ../../../capi324v22x-v2.06.000R\libcapi324v22x.a(ATTINY_get_SW_state.o)
 .data          0x0080010b        0xe ../../../capi324v22x-v2.06.000R\libcapi324v22x.a(LCD_globals.o)
                0x0080010b                LCD_stdout
 .data          0x00800119        0x8 ../../../capi324v22x-v2.06.000R\libcapi324v22x.a(STEPPER_globals.o)
                0x00800119                Motor_L_LUT
                0x0080011d                Motor_R_LUT
 .data          0x00800121        0x6 c:/program files (x86)/atmel/studio/7.0/toolchain/avr8/avr8-gnu-toolchain/bin/../lib/gcc/avr/5.4.0/../../../../avr/lib/avr5\libc.a(malloc.o)
                0x00800121                __malloc_heap_end
                0x00800123                __malloc_heap_start
                0x00800125                __malloc_margin
 *(.data*)
 *(.rodata)
 *(.rodata*)
 .rodata.str1.1
                0x00800127       0x64 convenience.o
 .rodata.str1.1
                0x0080018b        0xc main.o
 .rodata.str1.1
                0x00800197       0x60 pr_behaviors.o
 *(.gnu.linkonce.d*)
                0x008001f8                . = ALIGN (0x2)
 *fill*         0x008001f7        0x1 
                0x008001f8                _edata = .
                0x008001f8                PROVIDE (__data_end, .)

.bss            0x008001f8      0x12a
                0x008001f8                PROVIDE (__bss_start, .)
 *(.bss)
 .bss           0x008001f8        0x2 ../../../capi324v22x-v2.06.000R\libcapi324v22x.a(STEPPER_step.o)
 .bss           0x008001fa        0x2 ../../../capi324v22x-v2.06.000R\libcapi324v22x.a(STEPPER_step2.o)
 .bss           0x008001fc        0xb ../../../capi324v22x-v2.06.000R\libcapi324v22x.a(ATTINY_get_IR_state.o)
 .bss           0x00800207        0xe ../../../capi324v22x-v2.06.000R\libcapi324v22x.a(ATTINY_get_SW_state.o)
 .bss           0x00800215       0x40 ../../../capi324v22x-v2.06.000R\libcapi324v22x.a(ISR_globals.o)
                0x00800215                CBOT_ISR_vtable
 .bss           0x00800255       0x10 ../../../capi324v22x-v2.06.000R\libcapi324v22x.a(SPI_globals.o)
                0x00800255                spi_config_func_LUT
 .bss           0x00800265       0x10 ../../../capi324v22x-v2.06.000R\libcapi324v22x.a(SPKR_globals.o)
                0x00800265                tone_mode_active
                0x00800266                beep_mode_active
                0x00800267                spkr_accum32
                0x0080026b                spkr_freq
                0x0080026f                beep_accum16
                0x00800271                beep_freq
                0x00800273                p_Freq_LUT
 .bss           0x00800275        0x2 ../../../capi324v22x-v2.06.000R\libcapi324v22x.a(TMRSRVC_globals.o)
                0x00800275                timer_busy_status
                0x00800276                timer_run_status
 .bss           0x00800277        0x1 ../../../capi324v22x-v2.06.000R\libcapi324v22x.a(STEPPER_process_run_mode.o)
 .bss           0x00800278        0x4 ../../../capi324v22x-v2.06.000R\libcapi324v22x.a(STEPPER_process_pwm.o)
 *(.bss*)
 .bss.previous_state.3765
                0x0080027c        0x1 convenience.o
 .bss.previous_action.3758
                0x0080027d        0x9 convenience.o
 .bss.sense_timer.3760
                0x00800286        0x9 ir_behaviors.o
 .bss.timer_started.3759
                0x0080028f        0x1 ir_behaviors.o
 .bss.sense_timer.3770
                0x00800290        0x9 pr_behaviors.o
 .bss.timer_started.3769
                0x00800299        0x1 pr_behaviors.o
 *(COMMON)
 COMMON         0x0080029a        0x9 main.o
                0x0080029a                action
 COMMON         0x008002a3       0x15 ../../../capi324v22x-v2.06.000R\libcapi324v22x.a(SYS_globals.o)
                0x008002a3                CBOT_SYSTEM_refcount
 COMMON         0x008002b8        0x5 ../../../capi324v22x-v2.06.000R\libcapi324v22x.a(LCD_globals.o)
                0x008002b8                LCD_params
 COMMON         0x008002bd        0x1 ../../../capi324v22x-v2.06.000R\libcapi324v22x.a(SPI_globals.o)
                0x008002bd                curr_spi_addr
 COMMON         0x008002be       0x39 ../../../capi324v22x-v2.06.000R\libcapi324v22x.a(STEPPER_globals.o)
                0x008002be                STEPPER_params
                0x008002f5                step_done
 COMMON         0x008002f7       0x1e ../../../capi324v22x-v2.06.000R\libcapi324v22x.a(ATTINY_globals.o)
                0x008002f7                ATTINY_params
 COMMON         0x00800315        0x3 ../../../capi324v22x-v2.06.000R\libcapi324v22x.a(TMRSRVC_globals.o)
                0x00800315                tmrNodes
 COMMON         0x00800318        0x4 c:/program files (x86)/atmel/studio/7.0/toolchain/avr8/avr8-gnu-toolchain/bin/../lib/gcc/avr/5.4.0/../../../../avr/lib/avr5\libc.a(malloc.o)
                0x00800318                __brkval
                0x0080031a                __flp
 COMMON         0x0080031c        0x6 c:/program files (x86)/atmel/studio/7.0/toolchain/avr8/avr8-gnu-toolchain/bin/../lib/gcc/avr/5.4.0/../../../../avr/lib/avr5\libc.a(iob.o)
                0x0080031c                __iob
                0x00800322                PROVIDE (__bss_end, .)
                0x00004c40                __data_load_start = LOADADDR (.data)
                0x00004d38                __data_load_end = (__data_load_start + SIZEOF (.data))

.noinit         0x00800322        0x0
                [!provide]                PROVIDE (__noinit_start, .)
 *(.noinit*)
                [!provide]                PROVIDE (__noinit_end, .)
                0x00800322                _end = .
                0x00800322                PROVIDE (__heap_start, .)

.eeprom         0x00810000        0x0
 *(.eeprom*)
                0x00810000                __eeprom_end = .

.fuse
 *(.fuse)
 *(.lfuse)
 *(.hfuse)
 *(.efuse)

.lock
 *(.lock*)

.signature
 *(.signature*)

.user_signatures
 *(.user_signatures*)

.stab
 *(.stab)

.stabstr
 *(.stabstr)

.stab.excl
 *(.stab.excl)

.stab.exclstr
 *(.stab.exclstr)

.stab.index
 *(.stab.index)

.stab.indexstr
 *(.stab.indexstr)

.comment        0x00000000       0x5c
 *(.comment)
 .comment       0x00000000       0x30 convenience.o
                                 0x31 (size before relaxing)
 .comment       0x00000030       0x31 explore.o
 .comment       0x00000030       0x31 ir_behaviors.o
 .comment       0x00000030       0x31 main.o
 .comment       0x00000030       0x31 pr_behaviors.o
 .comment       0x00000030       0x2c c:/program files (x86)/atmel/studio/7.0/toolchain/avr8/avr8-gnu-toolchain/bin/../lib/gcc/avr/5.4.0/../../../../avr/lib/avr5\libprintf_flt.a(vfprintf_flt.o)
                                 0x2d (size before relaxing)
 .comment       0x0000005c       0x31 c:/program files (x86)/atmel/studio/7.0/toolchain/avr8/avr8-gnu-toolchain/bin/../lib/gcc/avr/5.4.0/../../../../avr/lib/avr5\libc.a(malloc.o)
 .comment       0x0000005c       0x31 c:/program files (x86)/atmel/studio/7.0/toolchain/avr8/avr8-gnu-toolchain/bin/../lib/gcc/avr/5.4.0/../../../../avr/lib/avr5\libc.a(fputc.o)
 .comment       0x0000005c       0x31 c:/program files (x86)/atmel/studio/7.0/toolchain/avr8/avr8-gnu-toolchain/bin/../lib/gcc/avr/5.4.0/../../../../avr/lib/avr5\libc.a(iob.o)
 .comment       0x0000005c       0x31 c:/program files (x86)/atmel/studio/7.0/toolchain/avr8/avr8-gnu-toolchain/bin/../lib/gcc/avr/5.4.0/../../../../avr/lib/avr5\libc.a(printf.o)
 .comment       0x0000005c       0x31 c:/program files (x86)/atmel/studio/7.0/toolchain/avr8/avr8-gnu-toolchain/bin/../lib/gcc/avr/5.4.0/../../../../avr/lib/avr5\libc.a(puts.o)

.note.gnu.avr.deviceinfo
                0x00000000       0x40
 .note.gnu.avr.deviceinfo
                0x00000000       0x40 C:/Program Files (x86)/Atmel/Studio/7.0/Packs/atmel/ATmega_DFP/1.2.132/gcc/dev/atmega324p/avr5/crtatmega324p.o

.note.gnu.build-id
 *(.note.gnu.build-id)

.debug
 *(.debug)

.line
 *(.line)

.debug_srcinfo
 *(.debug_srcinfo)

.debug_sfnames
 *(.debug_sfnames)

.debug_aranges  0x00000000       0xd8
 *(.debug_aranges)
 .debug_aranges
                0x00000000       0x38 convenience.o
 .debug_aranges
                0x00000038       0x20 explore.o
 .debug_aranges
                0x00000058       0x28 ir_behaviors.o
 .debug_aranges
                0x00000080       0x20 main.o
 .debug_aranges
                0x000000a0       0x38 pr_behaviors.o

.debug_pubnames
 *(.debug_pubnames)

.debug_info     0x00000000     0x1a6f
 *(.debug_info .gnu.linkonce.wi.*)
 .debug_info    0x00000000      0x6cc C:/Program Files (x86)/Atmel/Studio/7.0/Packs/atmel/ATmega_DFP/1.2.132/gcc/dev/atmega324p/avr5/crtatmega324p.o
 .debug_info    0x000006cc      0x44a convenience.o
 .debug_info    0x00000b16      0x145 explore.o
 .debug_info    0x00000c5b      0x443 ir_behaviors.o
 .debug_info    0x0000109e      0x3d9 main.o
 .debug_info    0x00001477      0x5f8 pr_behaviors.o

.debug_abbrev   0x00000000      0xd6d
 *(.debug_abbrev)
 .debug_abbrev  0x00000000      0x66e C:/Program Files (x86)/Atmel/Studio/7.0/Packs/atmel/ATmega_DFP/1.2.132/gcc/dev/atmega324p/avr5/crtatmega324p.o
 .debug_abbrev  0x0000066e      0x206 convenience.o
 .debug_abbrev  0x00000874       0xaa explore.o
 .debug_abbrev  0x0000091e      0x151 ir_behaviors.o
 .debug_abbrev  0x00000a6f      0x12f main.o
 .debug_abbrev  0x00000b9e      0x1cf pr_behaviors.o

.debug_line     0x00000000      0xab6
 *(.debug_line .debug_line.* .debug_line_end)
 .debug_line    0x00000000      0x151 C:/Program Files (x86)/Atmel/Studio/7.0/Packs/atmel/ATmega_DFP/1.2.132/gcc/dev/atmega324p/avr5/crtatmega324p.o
 .debug_line    0x00000151      0x2d6 convenience.o
 .debug_line    0x00000427       0x6d explore.o
 .debug_line    0x00000494      0x1ec ir_behaviors.o
 .debug_line    0x00000680      0x12d main.o
 .debug_line    0x000007ad      0x309 pr_behaviors.o

.debug_frame    0x00000000      0x320
 *(.debug_frame)
 .debug_frame   0x00000000       0x74 convenience.o
 .debug_frame   0x00000074       0x24 explore.o
 .debug_frame   0x00000098      0x134 ir_behaviors.o
 .debug_frame   0x000001cc       0x34 main.o
 .debug_frame   0x00000200      0x120 pr_behaviors.o

.debug_str      0x00000000      0x9fd
 *(.debug_str)
 .debug_str     0x00000000      0x255 C:/Program Files (x86)/Atmel/Studio/7.0/Packs/atmel/ATmega_DFP/1.2.132/gcc/dev/atmega324p/avr5/crtatmega324p.o
 .debug_str     0x00000255      0x387 convenience.o
                                0x3cb (size before relaxing)
 .debug_str     0x000005dc       0x17 explore.o
                                0x25b (size before relaxing)
 .debug_str     0x000005f3      0x29e ir_behaviors.o
                                0x4fc (size before relaxing)
 .debug_str     0x00000891       0x53 main.o
                                0x355 (size before relaxing)
 .debug_str     0x000008e4      0x119 pr_behaviors.o
                                0x52a (size before relaxing)

.debug_loc      0x00000000      0xb17
 *(.debug_loc)
 .debug_loc     0x00000000      0x1f6 convenience.o
 .debug_loc     0x000001f6       0x28 explore.o
 .debug_loc     0x0000021e      0x469 ir_behaviors.o
 .debug_loc     0x00000687       0x47 main.o
 .debug_loc     0x000006ce      0x449 pr_behaviors.o

.debug_macinfo
 *(.debug_macinfo)

.debug_weaknames
 *(.debug_weaknames)

.debug_funcnames
 *(.debug_funcnames)

.debug_typenames
 *(.debug_typenames)

.debug_varnames
 *(.debug_varnames)

.debug_pubtypes
 *(.debug_pubtypes)

.debug_ranges   0x00000000       0x88
 *(.debug_ranges)
 .debug_ranges  0x00000000       0x28 convenience.o
 .debug_ranges  0x00000028       0x10 explore.o
 .debug_ranges  0x00000038       0x18 ir_behaviors.o
 .debug_ranges  0x00000050       0x10 main.o
 .debug_ranges  0x00000060       0x28 pr_behaviors.o

.debug_macro
 *(.debug_macro)
OUTPUT(ECEN_3450-Lab05-Quinn_Peterson.elf elf32-avr)
LOAD linker stubs
